// Jest Snapshot v1, https://goo.gl/fbAQLP

exports[`Breaking bad display mode page displays a list of breaking bad characters with styling based on checkbox 1`] = `
Object {
  "asFragment": [Function],
  "baseElement": <body>
    <div>
      <div>
        <div
          aria-label="hdr"
          class="headLight"
        >
          <h1>
            Breaking Bad Character Party... 
            <br />
            or not
          </h1>
          <div
            class="controls"
          >
            <h4>
              boring
            </h4>
            <label
              class="switch"
            >
              <input
                type="checkbox"
              />
              <span
                class="slider"
              />
            </label>
            <h4>
              partay
            </h4>
          </div>
        </div>
        <img
          src="https://cdn.dribbble.com/users/841405/screenshots/2541549/animaion-bb.gif"
        />
      </div>
    </div>
  </body>,
  "container": <div>
    <div>
      <div
        aria-label="hdr"
        class="headLight"
      >
        <h1>
          Breaking Bad Character Party... 
          <br />
          or not
        </h1>
        <div
          class="controls"
        >
          <h4>
            boring
          </h4>
          <label
            class="switch"
          >
            <input
              type="checkbox"
            />
            <span
              class="slider"
            />
          </label>
          <h4>
            partay
          </h4>
        </div>
      </div>
      <img
        src="https://cdn.dribbble.com/users/841405/screenshots/2541549/animaion-bb.gif"
      />
    </div>
  </div>,
  "debug": [Function],
  "findAllByAltText": [Function],
  "findAllByDisplayValue": [Function],
  "findAllByLabelText": [Function],
  "findAllByPlaceholderText": [Function],
  "findAllByRole": [Function],
  "findAllByTestId": [Function],
  "findAllByText": [Function],
  "findAllByTitle": [Function],
  "findByAltText": [Function],
  "findByDisplayValue": [Function],
  "findByLabelText": [Function],
  "findByPlaceholderText": [Function],
  "findByRole": [Function],
  "findByTestId": [Function],
  "findByText": [Function],
  "findByTitle": [Function],
  "getAllByAltText": [Function],
  "getAllByDisplayValue": [Function],
  "getAllByLabelText": [Function],
  "getAllByPlaceholderText": [Function],
  "getAllByRole": [Function],
  "getAllByTestId": [Function],
  "getAllByText": [Function],
  "getAllByTitle": [Function],
  "getByAltText": [Function],
  "getByDisplayValue": [Function],
  "getByLabelText": [Function],
  "getByPlaceholderText": [Function],
  "getByRole": [Function],
  "getByTestId": [Function],
  "getByText": [Function],
  "getByTitle": [Function],
  "queryAllByAltText": [Function],
  "queryAllByDisplayValue": [Function],
  "queryAllByLabelText": [Function],
  "queryAllByPlaceholderText": [Function],
  "queryAllByRole": [Function],
  "queryAllByTestId": [Function],
  "queryAllByText": [Function],
  "queryAllByTitle": [Function],
  "queryByAltText": [Function],
  "queryByDisplayValue": [Function],
  "queryByLabelText": [Function],
  "queryByPlaceholderText": [Function],
  "queryByRole": [Function],
  "queryByTestId": [Function],
  "queryByText": [Function],
  "queryByTitle": [Function],
  "rerender": [Function],
  "unmount": [Function],
}
`;
